0.50000
0.66129
0.79962
0.89550
0.93588
0.91605
0.84027
0.72096
0.57673
0.42933
0.30028
0.20752
0.16278
0.16989
0.22445
0.31481
0.42424
0.53375
0.62538
0.68508
0.70497
0.68446
